valgrind: mmap-FIXED(0x0, 253952) failed in UME (load_segment1) with error 12 (Cannot allocate memory).
valgrind: mmap-FIXED(0x0, 253952) failed in UME (load_segment1) with error 12 (Cannot allocate memory).
valgrind: mmap-FIXED(0x0, 253952) failed in UME (load_segment1) with error 12 (Cannot allocate memory).
valgrind: mmap-FIXED(0x0, 253952) failed in UME (load_segment1) with error 12 (Cannot allocate memory).
valgrind: mmap-FIXED(0x0, 253952) failed in UME (load_segment1) with error 12 (Cannot allocate memory).
valgrind: mmap-FIXED(0x0, 253952) failed in UME (load_segment1) with error 12 (Cannot allocate memory).
valgrind: mmap-FIXED(0x0, 253952) failed in UME (load_segment1) with error 12 (Cannot allocate memory).
valgrind: mmap-FIXED(0x0, 253952) failed in UME (load_segment1) with error 12 (Cannot allocate memory).
valgrind: mmap-FIXED(0x0, 253952) failed in UME (load_segment1) with error 12 (Cannot allocate memory).
valgrind: mmap-FIXED(0x0, 253952) failed in UME (load_segment1) with error 12 (Cannot allocate memory).
valgrind: mmap-FIXED(0x0, 253952) failed in UME (load_segment1) with error 12 (Cannot allocate memory).
valgrind: mmap-FIXED(0x0, 253952) failed in UME (load_segment1) with error 12 (Cannot allocate memory).
valgrind: mmap-FIXED(0x0, 253952) failed in UME (load_segment1) with error 12 (Cannot allocate memory).
valgrind: mmap-FIXED(0x0, 253952) failed in UME (load_segment1) with error 12 (Cannot allocate memory).
valgrind: mmap-FIXED(0x0, 253952) failed in UME (load_segment1) with error 12 (Cannot allocate memory).
valgrind: mmap-FIXED(0x0, 253952) failed in UME (load_segment1) with error 12 (Cannot allocate memory).
valgrind: mmap-FIXED(0x0, 253952) failed in UME (load_segment1) with error 12 (Cannot allocate memory).
valgrind: mmap-FIXED(0x0, 253952) failed in UME (load_segment1) with error 12 (Cannot allocate memory).
valgrind: mmap-FIXED(0x0, 253952) failed in UME (load_segment1) with error 12 (Cannot allocate memory).
valgrind: mmap-FIXED(0x0, 253952) failed in UME (load_segment1) with error 12 (Cannot allocate memory).
valgrind: mmap-FIXED(0x0, 253952) failed in UME (load_segment1) with error 12 (Cannot allocate memory).
valgrind: mmap-FIXED(0x0, 253952) failed in UME (load_segment1) with error 12 (Cannot allocate memory).
valgrind: mmap-FIXED(0x0, 253952) failed in UME (load_segment1) with error 12 (Cannot allocate memory).
valgrind: mmap-FIXED(0x0, 253952) failed in UME (load_segment1) with error 12 (Cannot allocate memory).
valgrind: mmap-FIXED(0x0, 253952) failed in UME (load_segment1) with error 12 (Cannot allocate memory).
valgrind: mmap-FIXED(0x0, 253952) failed in UME (load_segment1) with error 12 (Cannot allocate memory).
valgrind: mmap-FIXED(0x0, 253952) failed in UME (load_segment1) with error 12 (Cannot allocate memory).
valgrind: mmap-FIXED(0x0, 253952) failed in UME (load_segment1) with error 12 (Cannot allocate memory).
valgrind: mmap-FIXED(0x0, 253952) failed in UME (load_segment1) with error 12 (Cannot allocate memory).
valgrind: mmap-FIXED(0x0, 253952) failed in UME (load_segment1) with error 12 (Cannot allocate memory).
valgrind: mmap-FIXED(0x0, 253952) failed in UME (load_segment1) with error 12 (Cannot allocate memory).
valgrind: mmap-FIXED(0x0, 253952) failed in UME (load_segment1) with error 12 (Cannot allocate memory).
valgrind: mmap-FIXED(0x0, 253952) failed in UME (load_segment1) with error 12 (Cannot allocate memory).
